5	1	Keyword	"absolute"		absolute
6	1	Keyword	"and"		and
7	1	Keyword	"array"		array
8	1	Keyword	"asm"		asm
9	1	Keyword	"begin"		begin
10	1	Keyword	"case"		case
11	1	Keyword	"const"		const
12	1	Keyword	"constructor"		constructor
13	1	Keyword	"destructor"		destructor
14	1	Keyword	"div"		div
15	1	Keyword	"do"		do
16	1	Keyword	"downto"		downto
17	1	Keyword	"else"		else
18	1	Keyword	"end"		end
19	1	Keyword	"file"		file
20	1	Keyword	"for"		for
21	1	Keyword	"function"		function
22	1	Keyword	"goto"		goto
23	1	Keyword	"if"		if
24	1	Keyword	"implementation"		implementation
25	1	Keyword	"in"		in
26	1	Keyword	"inherited"		inherited
27	1	Keyword	"inline"		inline
28	1	Keyword	"interface"		interface
29	1	Keyword	"label"		label
30	1	Keyword	"mod"		mod
31	1	Keyword	"nil"		nil
32	1	Keyword	"not"		not
33	1	Keyword	"object"		object
34	1	Keyword	"of"		of
35	1	Keyword	"operator"		operator
36	1	Keyword	"or"		or
37	1	Keyword	"packed"		packed
38	1	Keyword	"procedure"		procedure
39	1	Keyword	"program"		program
40	1	Keyword	"record"		record
41	1	Keyword	"reintroduce"		reintroduce
42	1	Keyword	"repeat"		repeat
43	1	Keyword	"self"		self
44	1	Keyword	"set"		set
45	1	Keyword	"shl"		shl
46	1	Keyword	"shr"		shr
47	1	Keyword	"string"		string
48	1	Keyword	"then"		then
49	1	Keyword	"to"		to
50	1	Keyword	"type"		type
51	1	Keyword	"unit"		unit
52	1	Keyword	"until"		until
53	1	Keyword	"uses"		uses
54	1	Keyword	"var"		var
55	1	Keyword	"while"		while
56	1	Keyword	"with"		with
57	1	Keyword	"xor"		xor
