4	1	[	"["		"["
4	2	]	"]"		"]"
5	1	(	"("		"("
5	2	)	")"		")"
7	1	[	"(."		"(."
7	3	]	".)"		".)"
9	1	[	"["		"["
9	2	Int	"12"		12
9	4	]	"]"		"]"
10	1	(	"("		"("
10	2	Id	"round"		"round"
10	7	)	")"		")"
13	1	[	"(."		"(."
13	3	Int	"1324"		1324
13	7	]	".)"		".)"
14	1	[	"(."		"(."
14	3	Int	"1"		1
14	4	..	".."		".."
14	6	Int	"10"		10
14	8	]	".)"		".)"
