3	1	Id	"cd"		"cd"
3	3	:	":"		":"
3	4	Id	"a"		"a"
3	6	:	":"		":"
3	7	Id	"fd"		"fd"
3	9	:	":"		":"
3	11	Id	"f"		"f"
3	12	;	";"		";"
3	13	Id	"d"		"d"
4	1	Id	"a"		"a"
4	2	.	"."		"."
4	3	Id	"b"		"b"
4	5	.	"."		"."
4	7	Id	"c"		"c"
5	1	Id	"a"		"a"
5	2	..	".."		".."
5	4	Int	"14"		"14"
6	1	Id	"a"		"a"
6	3	.	"."		"."
6	5	.	"."		"."
6	7	Id	"b"		"b"
7	1	Id	"a"		"a"
7	2	,	","		","
7	3	Id	"b"		"b"
8	1	;	";"		";"
9	2	Id	"a"		"a"
9	4	;	";"		";"
10	1	Id	"a"		"a"
10	3	:	":"		":"
10	5	Keyword	"array"		"array"
10	11	Keyword	"of"		"of"
10	14	Id	"Integer"		"integer"
10	21	[	"["		"["
10	22	Int	"1"		"1"
10	23	..	".."		".."
10	25	Int	"5"		"5"
10	26	]	"]"		"]"
10	27	;	";"		";"
11	1	Keyword	"procedure"		"procedure"
11	11	Id	"ab"		"ab"
11	13	(	"("		"("
11	14	Id	"a"		"a"
11	15	,	","		","
11	17	Id	"b"		"b"
11	18	)	")"		")"
11	19	;	";"		";"
12	1	Id	"a"		"a"
12	3	=	"="		"="
12	5	Id	"struct"		"struct"
12	11	.	"."		"."
12	12	Id	"val"		"val"
12	15	;	";"		";"
14	2	Id	"APoints"		"apoints"
14	10	=	"="		"="
14	12	Keyword	"array"		"array"
14	17	[	"["		"["
14	18	Int	"1"		"1"
14	19	..	".."		".."
14	21	Int	"100"		"100"
14	24	]	"]"		"]"
14	26	Keyword	"of"		"of"
14	29	Keyword	"Array"		"array"
14	34	[	"["		"["
14	35	Int	"1"		"1"
14	36	..	".."		".."
14	38	Int	"3"		"3"
14	39	]	"]"		"]"
14	41	Keyword	"of"		"of"
14	44	Id	"Real"		"real"
14	48	;	";"		";"
15	3	Id	"A"		"a"
15	4	[	"["		"["
15	5	Int	"0"		"0"
15	6	]	"]"		"]"
15	7	:=	":="		":="
15	9	Int	"31"		"31"
15	11	;	";"		";"
17	3	Keyword	"array"		"array"
17	9	[	"["		"["
17	11	String	"'a'"		"a"
17	14	..	".."		".."
17	16	String	"'f'"		"f"
17	20	]	"]"		"]"
17	22	Keyword	"of"		"of"
17	25	Id	"Boolean"		"boolean"
