4	1	Id	"ar"		"ar"
4	3	:	":"		":"
4	5	Keyword	"ArRaY"		"array"
4	11	Keyword	"OF"		"of"
4	14	Id	"Integer"		"integer"
4	21	;	";"		";"
7	2	Id	"if34"		"if34"
9	2	Id	"begin_"		"begin_"
11	1	Id	"end34"		"end34"
12	1	Id	"END34"		"end34"
13	1	Id	"End34"		"end34"
15	1	Id	"var_lo"		"var_lo"
16	1	Id	"Var_Lo"		"var_lo"
