1	1	Keyword	"program"		"program"
1	9	Id	"hello"		"hello"
1	14	;	";"		";"
3	1	Keyword	"procedure"		"procedure"
3	11	Id	"hey"		"hey"
3	14	(	"("		"("
3	15	Id	"x"		"x"
3	16	:	":"		":"
3	18	Id	"Integer"		"integer"
3	25	)	")"		")"
3	26	;	";"		";"
4	1	Keyword	"var"		"var"
5	3	Id	"ans"		"ans"
5	6	:	":"		":"
5	8	Id	"Real"		"real"
5	12	;	";"		";"
6	1	Keyword	"begin"		"begin"
7	3	Id	"WriteLn"		"writeln"
7	10	(	"("		"("
7	11	String	"'Hello'"		"Hello"
7	19	+	"+"		"+"
7	21	Id	"chr"		"chr"
7	24	(	"("		"("
7	25	Id	"x"		"x"
7	26	)	")"		")"
7	27	)	")"		")"
7	28	;	";"		";"
8	1	Keyword	"end"		"end"
8	4	;	";"		";"
10	1	Keyword	"var"		"var"
11	3	Id	"x"		"x"
11	4	,	","		","
11	6	Id	"y"		"y"
11	7	:	":"		":"
11	9	Id	"Real"		"real"
11	13	;	";"		";"
12	3	Id	"ans"		"ans"
12	6	:	":"		":"
12	8	Id	"Real"		"real"
12	12	;	";"		";"
13	1	Keyword	"begin"		"begin"
14	3	Id	"x"		"x"
14	5	:=	":="		":="
14	8	Int	"2"		2
14	9	;	";"		";"
15	3	Id	"y"		"y"
15	5	:=	":="		":="
15	8	Int	"0"		0
15	9	;	";"		";"
16	3	Id	"ans"		"ans"
16	7	:=	":="		":="
16	10	Id	"x"		"x"
16	12	+	"+"		"+"
16	14	Id	"y"		"y"
16	15	;	";"		";"
17	3	Id	"hey"		"hey"
17	6	(	"("		"("
17	7	Int	"41"		41
17	9	)	")"		")"
17	10	;	";"		";"
18	3	Id	"WriteLn"		"writeln"
18	10	(	"("		"("
18	11	Id	"ans"		"ans"
18	14	)	")"		")"
18	15	;	";"		";"
19	3	Id	"Read"		"read"
19	7	(	"("		"("
19	8	Id	"x"		"x"
19	9	)	")"		")"
19	10	;	";"		";"
20	1	Keyword	"end"		"end"
20	4	.	"."		"."
