Decl
	Table Symbol Type
		integer
			integer
		double
			double
		char
			char
		pointer
			pointer
		boolean
			boolean
	Table Symbol Const
	Table Symbol Variable
	Table Symbol Function
		writeln
			Write
		write
			Write
		readln
			Read
		read
			Read
		trunc
			Trunc
		round
			Round
		succ
			Succ
		prev
			Prev
		chr
			Chr
		ord
			Ord
		high
			High
		low
			Low
		f
			Function or Procedure: f
			Decl point: 1,11	
				Procedure
				Decl point: 1,12	
				Decl
					Table Symbol Type
					Table Symbol Const
					Table Symbol Variable
					Table Symbol Function
						exit
							Exit
								void
				Block
		b
			Function or Procedure: b
			Decl point: 5,10	
				Function
				Decl point: 5,12	
					Return:
						integer
				Decl
					Table Symbol Type
					Table Symbol Const
					Table Symbol Variable
						b
							Param value: b
							Decl point: -1,-1	
								Not specification
								integer
					Table Symbol Function
						exit
							Exit
								integer
				Block
		exit
			Exit
				void
Block
	Function Call
		f
		Type expression
			Procedure
			Decl point: 1,12	
		Type expression
			void
	Function Call
		b
		Type expression
			Function
			Decl point: 5,12	
				Return:
					integer
		Type expression
			integer
