Decl
	Table Symbol Type
		integer
			integer
		double
			double
		char
			char
		pointer
			pointer
		boolean
			boolean
	Table Symbol Const
	Table Symbol Variable
		b
			Global variable: b
			Decl point: 2,3	
				integer
		f
			Global variable: f
			Decl point: 2,6	
				integer
		g
			Global variable: g
			Decl point: 2,9	
				integer
		a
			Global variable: a
			Decl point: 3,3	
				double
		e
			Global variable: e
			Decl point: 3,6	
				double
		c
			Global variable: c
			Decl point: 4,3	
				boolean
		d
			Global variable: d
			Decl point: 4,6	
				boolean
	Table Symbol Function
		writeln
			Write
		write
			Write
		readln
			Read
		read
			Read
		trunc
			Trunc
		round
			Round
		succ
			Succ
		prev
			Prev
		chr
			Chr
		ord
			Ord
		high
			High
		low
			Low
		exit
			Exit
				void
Block
	If
		=
			Type expression
				boolean
			Cast
			double
				b
				Type expression
					integer
			a
			Type expression
				double
		Block
			Assigment
				:=
				a
				Type expression
					double
				Cast
				double
					b
					Type expression
						integer
			Assigment
				:=
				c
				Type expression
					boolean
				d
				Type expression
					boolean
		Block
			Assigment
				+=
				e
				Type expression
					double
				Cast
				double
					f
					Type expression
						integer
			Assigment
				+=
				f
				Type expression
					integer
				g
				Type expression
					integer
	If
		=
			Type expression
				boolean
			Cast
			double
				+
					Type expression
						integer
					20
					Type expression
						integer
					30
					Type expression
						integer
			a
			Type expression
				double
		Block
			Assigment
				:=
				a
				Type expression
					double
				Cast
				double
					+
						Type expression
							integer
						*
							Type expression
								integer
							+
								Type expression
									integer
								12341
								Type expression
									integer
								123
								Type expression
									integer
							10
							Type expression
								integer
						-
							Type expression
								integer
							5
							Type expression
								integer
		Block
			Assigment
				:=
				a
				Type expression
					double
				+
					Type expression
						double
					10.000000
					Type expression
						double
					Cast
					double
						+
							Type expression
								integer
							b
							Type expression
								integer
							*
								Type expression
									integer
								10
								Type expression
									integer
								5
								Type expression
									integer
