Decl
	Table Symbol Type
		integer
			integer
		double
			double
		char
			char
		pointer
			pointer
		boolean
			boolean
	Table Symbol Const
	Table Symbol Variable
		a
			Global variable: a
			Decl point: 1,5	
				double
		c
			Global variable: c
			Decl point: 1,8	
				double
		b
			Global variable: b
			Decl point: 1,11	
				double
	Table Symbol Function
		writeln
			Write
		write
			Write
		readln
			Read
		read
			Read
		trunc
			Trunc
		round
			Round
		succ
			Succ
		prev
			Prev
		chr
			Chr
		ord
			Ord
		high
			High
		low
			Low
		exit
			Exit
				void
Block
	Assigment
		:=
		a
		Type expression
			double
		Cast
		double
			3
			Type expression
				integer
	Assigment
		:=
		b
		Type expression
			double
		-
			Type expression
				double
			a
			Type expression
				double
			+
				Type expression
					double
				/
					Type expression
						double
					a
					Type expression
						double
					*
						Type expression
							double
						a
						Type expression
							double
						a
						Type expression
							double
				a
				Type expression
					double
	Assigment
		-=
		c
		Type expression
			double
		-
			Type expression
				double
			b
			Type expression
				double
			a
			Type expression
				double
