Decl
	Table Symbol Type
		boolean
			boolean
		char
			char
		double
			double
		integer
			integer
		pointer
			pointer
	Table Symbol Const
	Table Symbol Variable
		a
			Global variable: a
			Decl point: 1,5	
				pointer
		b
			Global variable: b
			Decl point: 2,5	
				Pointer
				Decl point: 2,9	
					integer
		c
			Global variable: c
			Decl point: 1,8	
				pointer
		d
			Global variable: d
			Decl point: 2,2	
				Pointer
				Decl point: 2,9	
					integer
	Table Symbol Function
		chr
			Chr
		exit
			Exit
				void
		high
			High
		low
			Low
		ord
			Ord
		prev
			Prev
		read
			Read
		readln
			Read
		round
			Round
		succ
			Succ
		trunc
			Trunc
		write
			Write
		writeln
			Write
Block
	If
		=
			Type expression
				boolean
			2
			Type expression
				integer
			1
			Type expression
				integer
		Assigment
			:=
			a
			Type expression
				pointer
			Cast
			pointer
				b
				Type expression
					Pointer
					Decl point: 2,9	
						integer
	Assigment
		:=
		c
		Type expression
			pointer
		Cast
		pointer
			d
			Type expression
				Pointer
				Decl point: 2,9	
					integer
