Decl
	Table Symbol Type
		integer
			integer
		double
			double
		char
			char
		pointer
			pointer
		boolean
			boolean
	Table Symbol Const
	Table Symbol Variable
		i
			Global variable: i
			Decl point: 1,5	
				integer
	Table Symbol Function
		writeln
			Write
		write
			Write
		readln
			Read
		read
			Read
		trunc
			Trunc
		round
			Round
		succ
			Succ
		prev
			Prev
		chr
			Chr
		ord
			Ord
		high
			High
		low
			Low
		exit
			Exit
				void
Block
	While
		true
		Type expression
			boolean
		break
	For
		i
		Type expression
			integer
		0
		Type expression
			integer
		To
		1
		Type expression
			integer
		break
	While
		Cast
		boolean
			1
			Type expression
				integer
		Block
			While
				Cast
				boolean
					2
					Type expression
						integer
				Block
					break
			break
			break
			break
