Decl
	Table Symbol Type
		integer
			integer
		real
			real
		yy
			yy
		tpoint
			tpoint
		boolean
			boolean
		real
			Type alias: real
			Decl point: 1,6	
				real
		tpoint
			Type alias: tpoint
			Decl point: 2,5	
				tpoint
		yy
			Type alias: yy
			Decl point: 4,6	
				yy
		arr
			Type alias: arr
			Decl point: 5,6	
				Static array
				Decl point: 5,12	
					Size
						low: 1 high: 2
					yy
	Table Symbol Const
	Table Symbol Variable
	Table Symbol Function
		writeln
			Write
		write
			Write
		readln
			Read
		read
			Read
		trunc
			Trunc
		round
			Round
		succ
			Succ
		prev
			Prev
		chr
			Chr
		ord
			Ord
		high
			High
		low
			Low
		exit
			Exit
				void
Block
