Decl
	Table Symbol Type
		unsigned
			unsigned
		double
			double
		char
			char
		pointer
			pointer
		boolean
			boolean
		int
			Type alias: int
			Decl point: 1,6	
				unsigned
		long
			Type alias: long
			Decl point: 2,5	
				unsigned
		unsigned
			Type alias: unsigned
			Decl point: 3,5	
				unsigned
	Table Symbol Const
	Table Symbol Variable
	Table Symbol Function
		writeln
			Write
		write
			Write
		readln
			Read
		read
			Read
		trunc
			Trunc
		round
			Round
		succ
			Succ
		prev
			Prev
		chr
			Chr
		ord
			Ord
		high
			High
		low
			Low
		exit
			Exit
				void
Block
