Decl
	Table Symbol Type
		i
			i
		d
			d
		c
			c
		p
			p
		b
			b
		c
			Type alias: c
			Decl point: 2,5	
				c
		i
			Type alias: i
			Decl point: 3,5	
				i
		b
			Type alias: b
			Decl point: 4,5	
				b
		d
			Type alias: d
			Decl point: 5,5	
				d
		p
			Type alias: p
			Decl point: 6,5	
				p
	Table Symbol Const
	Table Symbol Variable
	Table Symbol Function
		writeln
			Write
		write
			Write
		readln
			Read
		read
			Read
		trunc
			Trunc
		round
			Round
		succ
			Succ
		prev
			Prev
		chr
			Chr
		ord
			Ord
		high
			High
		low
			Low
		exit
			Exit
				void
Block
