Decl
	Table Symbol Type
		integer
			integer
		double
			double
		char
			char
		pointer
			pointer
		boolean
			boolean
		a
			Type alias: a
			Decl point: 2,1	
				Static array
				Decl point: 2,5	
					Size
						low: 1 high: 2
					integer
		c
			Type alias: c
			Decl point: 3,1	
				Static array
				Decl point: 3,5	
					Size
						low: 1 high: 2
						low: 2 high: 3
					boolean
		d
			Type alias: d
			Decl point: 4,1	
				Static array
				Decl point: 4,5	
					Size
						low: 0 high: 100
						low: 0 high: 100
						low: 0 high: 100
					double
		w
			Type alias: w
			Decl point: 5,1	
				Static array
				Decl point: 5,5	
					Size
						low: 1 high: 100
					Static array
					Decl point: 5,22	
						Size
							low: 1 high: 3
						double
		e
			Type alias: e
			Decl point: 6,1	
				Static array
				Decl point: 6,5	
					Size
						low: 0 high: 1
					Record
					Decl point: 6,21	
						Table Symbol Variable
							a
								Local variable: a
								Decl point: 6,28	
									integer
	Table Symbol Const
	Table Symbol Variable
	Table Symbol Function
		writeln
			Write
		write
			Write
		readln
			Read
		read
			Read
		trunc
			Trunc
		round
			Round
		succ
			Succ
		prev
			Prev
		chr
			Chr
		ord
			Ord
		high
			High
		low
			Low
		exit
			Exit
				void
Block
