Decl
	Table Symbol Type
		a
			Type alias: a
			Decl point: 2,1	
				Static array
				Decl point: 2,5	
					Size
						low: 1 high: 2
					integer
		boolean
			boolean
		c
			Type alias: c
			Decl point: 3,1	
				Static array
				Decl point: 3,5	
					Size
						low: 1 high: 2
						low: 2 high: 3
					boolean
		char
			char
		d
			Type alias: d
			Decl point: 4,1	
				Static array
				Decl point: 4,5	
					Size
						low: 0 high: 100
						low: 0 high: 100
						low: 0 high: 100
					double
		double
			double
		e
			Type alias: e
			Decl point: 6,1	
				Static array
				Decl point: 6,5	
					Size
						low: 0 high: 1
					Record
					Decl point: 6,21	
						Table Symbol Variable
							a
								Local variable: a
								Decl point: 6,28	
									integer
		integer
			integer
		pointer
			pointer
		w
			Type alias: w
			Decl point: 5,1	
				Static array
				Decl point: 5,5	
					Size
						low: 1 high: 100
					Static array
					Decl point: 5,22	
						Size
							low: 1 high: 3
						double
	Table Symbol Const
	Table Symbol Variable
	Table Symbol Function
		chr
			Chr
		exit
			Exit
				void
		high
			High
		low
			Low
		ord
			Ord
		prev
			Prev
		read
			Read
		readln
			Read
		round
			Round
		succ
			Succ
		trunc
			Trunc
		write
			Write
		writeln
			Write
Block
