Decl
	Table Symbol Type
		integer
			integer
		double
			double
		char
			char
		pointer
			pointer
		boolean
			boolean
		list
			Type alias: list
			Decl point: 3,3	
				Record
				Decl point: 3,10	
					Table Symbol Variable
						data
							Local variable: data
							Decl point: 4,4	
								integer
						next
							Local variable: next
							Decl point: 5,4	
								Type alias: ttlistp
								Decl point: 2,2	
									Pointer
									Decl point: 2,12	
										list
		ttlistp
			Type alias: ttlistp
			Decl point: 2,2	
				Pointer
				Decl point: 2,12	
					list
		tree
			Type alias: tree
			Decl point: 10,2	
				Record
				Decl point: 10,9	
					Table Symbol Variable
		t
			Type alias: t
			Decl point: 8,2	
				Pointer
				Decl point: 8,6	
					tree
		b
			Type alias: b
			Decl point: 9,2	
				Pointer
				Decl point: 9,6	
					tree
	Table Symbol Const
	Table Symbol Variable
	Table Symbol Function
		writeln
			Write
		write
			Write
		readln
			Read
		read
			Read
		trunc
			Trunc
		round
			Round
		succ
			Succ
		prev
			Prev
		chr
			Chr
		ord
			Ord
		high
			High
		low
			Low
		exit
			Exit
				void
Block
