Decl
	Table Symbol Type
		integer
			integer
		double
			double
		char
			char
		pointer
			pointer
		boolean
			boolean
	Table Symbol Const
	Table Symbol Variable
	Table Symbol Function
		writeln
			Write
		write
			Write
		readln
			Read
		read
			Read
		trunc
			Trunc
		round
			Round
		succ
			Succ
		prev
			Prev
		chr
			Chr
		ord
			Ord
		high
			High
		low
			Low
		f
			Function or Procedure: f
			Decl point: 12,11	
				Procedure
				Decl point: 12,12	
				Decl
					Table Symbol Type
					Table Symbol Const
					Table Symbol Variable
					Table Symbol Function
						exit
							Exit
								void
				Block
					Function Call
						f
						Type expression
							Procedure
							Decl point: 2,12	
						Type expression
							void
		g
			Function or Procedure: g
			Decl point: 17,10	
				Function
				Decl point: 17,11	
					Param value: b
					Decl point: 17,12	
						Not specification
						integer
					Return:
						double
				Decl
					Table Symbol Type
					Table Symbol Const
					Table Symbol Variable
						g
							Param value: g
							Decl point: -1,-1	
								Not specification
								double
					Table Symbol Function
						exit
							Exit
								double
				Block
					Assigment
						:=
						b
						Type expression
							integer
						12
						Type expression
							integer
					Function Call
						f
						Type expression
							Procedure
							Decl point: 12,12	
						Type expression
							void
		h
			Function or Procedure: h
			Decl point: 6,11	
				Procedure
				Decl point: 6,12	
				Decl
					Table Symbol Type
					Table Symbol Const
					Table Symbol Variable
					Table Symbol Function
						exit
							Exit
								void
				Block
					Function Call
						g
						Type expression
							Function
							Decl point: 4,11	
								Param value: a
								Decl point: 4,12	
									Not specification
									integer
								Return:
									double
						Type expression
							double
						124
						Type expression
							integer
					Function Call
						f
						Type expression
							Procedure
							Decl point: 2,12	
						Type expression
							void
		exit
			Exit
				void
Block
