Decl
	Table Symbol Type
		integer
			integer
		double
			double
		char
			char
		pointer
			pointer
		boolean
			boolean
	Table Symbol Const
	Table Symbol Variable
		i
			Global variable: i
			Decl point: 2,4	
				integer
		j
			Global variable: j
			Decl point: 2,7	
				integer
		k
			Global variable: k
			Decl point: 2,10	
				integer
		a
			Global variable: a
			Decl point: 3,4	
				double
	Table Symbol Function
		writeln
			Write
		write
			Write
		readln
			Read
		read
			Read
		trunc
			Trunc
		round
			Round
		succ
			Succ
		prev
			Prev
		chr
			Chr
		ord
			Ord
		high
			High
		low
			Low
		exit
			Exit
				void
Block
	For
		i
		Type expression
			integer
		0
		Type expression
			integer
		To
		10
		Type expression
			integer
		For
			j
			Type expression
				integer
			0
			Type expression
				integer
			To
			10
			Type expression
				integer
			For
				k
				Type expression
					integer
				0
				Type expression
					integer
				To
				10
				Type expression
					integer
				For
					j
					Type expression
						integer
					0
					Type expression
						integer
					To
					10
					Type expression
						integer
					Assigment
						:=
						a
						Type expression
							double
						34.500000
						Type expression
							double
