Decl
	Table Symbol Type
		integer
			integer
		float
			float
		char
			char
		pointer
			pointer
		boolean
			boolean
		float
			Type alias: float
			Decl point: 2,5	
				float
	Table Symbol Const
	Table Symbol Variable
		i
			Global variable: i
			Decl point: 4,4	
				integer
		a
			Global variable: a
			Decl point: 5,4	
				Type alias: float
				Decl point: 2,5	
					float
	Table Symbol Function
		writeln
			Write
		write
			Write
		readln
			Read
		read
			Read
		trunc
			Trunc
		round
			Round
		succ
			Succ
		prev
			Prev
		chr
			Chr
		ord
			Ord
		high
			High
		low
			Low
		exit
			Exit
				void
Block
	For
		i
		Type expression
			integer
		0
		Type expression
			integer
		To
		10
		Type expression
			integer
		For
			i
			Type expression
				integer
			3
			Type expression
				integer
			DownTo
			0
			Type expression
				integer
			Assigment
				:=
				a
				Type expression
					Type alias: float
					Decl point: 2,5	
						float
				34.500000
				Type expression
					double
