Decl
	Table Symbol Type
		integer
			integer
		double
			double
		char
			char
		pointer
			pointer
		boolean
			boolean
		p
			Type alias: p
			Decl point: 1,6	
				Procedure
				Decl point: 1,19	
	Table Symbol Const
	Table Symbol Variable
		a
			Global variable: a
			Decl point: 2,5	
				Static array
				Decl point: 2,8	
					Size
						low: 1 high: 5
					Type alias: p
					Decl point: 1,6	
						Procedure
						Decl point: 1,19	
	Table Symbol Function
		writeln
			Write
		write
			Write
		readln
			Read
		read
			Read
		trunc
			Trunc
		round
			Round
		succ
			Succ
		prev
			Prev
		chr
			Chr
		ord
			Ord
		high
			High
		low
			Low
		exit
			Exit
				void
Block
	Function Call
		Array Access
			a
			Type expression
				Static array
				Decl point: 2,8	
					Size
						low: 1 high: 5
					Type alias: p
					Decl point: 1,6	
						Procedure
						Decl point: 1,19	
			Type expression
				Type alias: p
				Decl point: 1,6	
					Procedure
					Decl point: 1,19	
			1
			Type expression
				integer
		Type expression
			void
