Decl
	Table Symbol Type
		integer
			integer
		double
			double
		char
			char
		pointer
			pointer
		boolean
			boolean
	Table Symbol Const
	Table Symbol Variable
		i
			Global variable: i
			Decl point: 2,2	
				integer
		r
			Global variable: r
			Decl point: 3,2	
				Record
				Decl point: 3,5	
					Table Symbol Variable
						k
							Local variable: k
							Decl point: 3,12	
								double
	Table Symbol Function
		writeln
			Write
		write
			Write
		readln
			Read
		read
			Read
		trunc
			Trunc
		round
			Round
		succ
			Succ
		prev
			Prev
		chr
			Chr
		ord
			Ord
		high
			High
		low
			Low
		exit
			Exit
				void
Block
	Assigment
		:=
		i
		Type expression
			integer
		1
		Type expression
			integer
	Assigment
		:=
		Record Access
			r
			Type expression
				Record
				Decl point: 3,5	
					Table Symbol Variable
						k
							Local variable: k
							Decl point: 3,12	
								double
			k
			Type expression
				double
		Cast
		double
			i
			Type expression
				integer
