Decl
	Table Symbol Type
		integer
			integer
		double
			double
		char
			char
		pointer
			pointer
		boolean
			boolean
	Table Symbol Const
	Table Symbol Variable
		r
			Global variable: r
			Decl point: 2,2	
				Record
				Decl point: 2,5	
					Table Symbol Variable
						rr
							Local variable: rr
							Decl point: 3,3	
								Record
								Decl point: 3,7	
									Table Symbol Variable
										rrr
											Local variable: rrr
											Decl point: 4,4	
												Record
												Decl point: 4,9	
													Table Symbol Variable
														i
															Local variable: i
															Decl point: 5,5	
																integer
		k
			Global variable: k
			Decl point: 9,2	
				integer
	Table Symbol Function
		writeln
			Write
		write
			Write
		readln
			Read
		read
			Read
		trunc
			Trunc
		round
			Round
		succ
			Succ
		prev
			Prev
		chr
			Chr
		ord
			Ord
		high
			High
		low
			Low
		exit
			Exit
				void
Block
	Assigment
		:=
		k
		Type expression
			integer
		0
		Type expression
			integer
	Assigment
		:=
		Record Access
			Record Access
				Record Access
					r
					Type expression
						Record
						Decl point: 2,5	
							Table Symbol Variable
								rr
									Local variable: rr
									Decl point: 3,3	
										Record
										Decl point: 3,7	
											Table Symbol Variable
												rrr
													Local variable: rrr
													Decl point: 4,4	
														Record
														Decl point: 4,9	
															Table Symbol Variable
																i
																	Local variable: i
																	Decl point: 5,5	
																		integer
					rr
					Type expression
						Record
						Decl point: 3,7	
							Table Symbol Variable
								rrr
									Local variable: rrr
									Decl point: 4,4	
										Record
										Decl point: 4,9	
											Table Symbol Variable
												i
													Local variable: i
													Decl point: 5,5	
														integer
				rrr
				Type expression
					Record
					Decl point: 4,9	
						Table Symbol Variable
							i
								Local variable: i
								Decl point: 5,5	
									integer
			i
			Type expression
				integer
		k
		Type expression
			integer
