Decl
	Table Symbol Type
		integer
			integer
		double
			double
		char
			char
		pointer
			pointer
		boolean
			boolean
	Table Symbol Const
	Table Symbol Variable
		i
			Global variable: i
			Decl point: 2,4	
				integer
		j
			Global variable: j
			Decl point: 3,4	
				Record
				Decl point: 3,7	
					Table Symbol Variable
						i
							Local variable: i
							Decl point: 4,9	
								Pointer
								Decl point: 4,12	
									integer
	Table Symbol Function
		writeln
			Write
		write
			Write
		readln
			Read
		read
			Read
		trunc
			Trunc
		round
			Round
		succ
			Succ
		prev
			Prev
		chr
			Chr
		ord
			Ord
		high
			High
		low
			Low
		exit
			Exit
				void
Block
	For
		i
		Type expression
			integer
		0
		Type expression
			integer
		To
		10
		Type expression
			integer
		Assigment
			:=
			^
				Type expression
					integer
				Record Access
					j
					Type expression
						Record
						Decl point: 3,7	
							Table Symbol Variable
								i
									Local variable: i
									Decl point: 4,9	
										Pointer
										Decl point: 4,12	
											integer
					i
					Type expression
						Pointer
						Decl point: 4,12	
							integer
			20
			Type expression
				integer
