Decl
	Table Symbol Type
		integer
			integer
		double
			double
		char
			char
		pointer
			pointer
		boolean
			boolean
	Table Symbol Const
	Table Symbol Variable
		c
			Global variable: c
			Decl point: 2,4	
				integer
	Table Symbol Function
		writeln
			Write
		write
			Write
		readln
			Read
		read
			Read
		trunc
			Trunc
		round
			Round
		succ
			Succ
		prev
			Prev
		chr
			Chr
		ord
			Ord
		high
			High
		low
			Low
		foo
			Function or Procedure: foo
			Decl point: 4,10	
				Function
				Decl point: 4,13	
					Return:
						integer
				Decl
					Table Symbol Type
					Table Symbol Const
					Table Symbol Variable
						foo
							Param value: foo
							Decl point: -1,-1	
								Not specification
								integer
					Table Symbol Function
						exit
							Exit
								integer
				Block
		exit
			Exit
				void
Block
	Assigment
		:=
		c
		Type expression
			integer
		div
			Type expression
				integer
			50
			Type expression
				integer
			Function Call
				foo
				Type expression
					Function
					Decl point: 4,13	
						Return:
							integer
				Type expression
					integer
