Decl
	Table Symbol Type
		integer
			integer
		double
			double
		char
			char
		pointer
			pointer
		boolean
			boolean
		pint
			Type alias: pint
			Decl point: 2,2	
				Pointer
				Decl point: 2,9	
					integer
	Table Symbol Const
	Table Symbol Variable
		a
			Global variable: a
			Decl point: 5,2	
				integer
	Table Symbol Function
		writeln
			Write
		write
			Write
		readln
			Read
		read
			Read
		trunc
			Trunc
		round
			Round
		succ
			Succ
		prev
			Prev
		chr
			Chr
		ord
			Ord
		high
			High
		low
			Low
		foo
			Function or Procedure: foo
			Decl point: 7,10	
				Function
				Decl point: 7,13	
					Return:
						Type alias: pint
						Decl point: 2,2	
							Pointer
							Decl point: 2,9	
								integer
				Decl
					Table Symbol Type
					Table Symbol Const
					Table Symbol Variable
						foo
							Param value: foo
							Decl point: -1,-1	
								Not specification
								Type alias: pint
								Decl point: 2,2	
									Pointer
									Decl point: 2,9	
										integer
					Table Symbol Function
						exit
							Exit
								Type alias: pint
								Decl point: 2,2	
									Pointer
									Decl point: 2,9	
										integer
				Block
					Function Call
						exit
						Exit
							Type alias: pint
							Decl point: 2,2	
								Pointer
								Decl point: 2,9	
									integer
						Type expression
							void
						@
							Type expression
								Pointer
								Decl point: -1,-1	
									integer
							a
							Type expression
								integer
		exit
			Exit
				void
Block
	Assigment
		:=
		^
			Type expression
				integer
			Function Call
				foo
				Type expression
					Function
					Decl point: 7,13	
						Return:
							Type alias: pint
							Decl point: 2,2	
								Pointer
								Decl point: 2,9	
									integer
				Type expression
					Type alias: pint
					Decl point: 2,2	
						Pointer
						Decl point: 2,9	
							integer
		10
		Type expression
			integer
