Decl
	Table Symbol Type
		integer
			integer
		double
			double
		char
			char
		pointer
			pointer
		boolean
			boolean
		pint
			Type alias: pint
			Decl point: 2,2	
				Pointer
				Decl point: 2,9	
					integer
	Table Symbol Const
	Table Symbol Variable
		b
			Global variable: b
			Decl point: 5,2	
				Type alias: pint
				Decl point: 2,2	
					Pointer
					Decl point: 2,9	
						integer
		a
			Global variable: a
			Decl point: 6,2	
				integer
	Table Symbol Function
		writeln
			Write
		write
			Write
		readln
			Read
		read
			Read
		trunc
			Trunc
		round
			Round
		succ
			Succ
		prev
			Prev
		chr
			Chr
		ord
			Ord
		high
			High
		low
			Low
		exit
			Exit
				void
Block
	Assigment
		:=
		^
			Type expression
				integer
			+
				Type expression
					Type alias: pint
					Decl point: 2,2	
						Pointer
						Decl point: 2,9	
							integer
				*
					Type expression
						integer
					8
					Type expression
						integer
					1
					Type expression
						integer
				b
				Type expression
					Type alias: pint
					Decl point: 2,2	
						Pointer
						Decl point: 2,9	
							integer
		10
		Type expression
			integer
