Decl
	Table Symbol Type
		boolean
			boolean
		char
			char
		double
			double
		integer
			integer
		pint
			Type alias: pint
			Decl point: 2,2	
				Pointer
				Decl point: 2,9	
					integer
		pointer
			pointer
	Table Symbol Const
	Table Symbol Variable
		a
			Global variable: a
			Decl point: 6,2	
				integer
		b
			Global variable: b
			Decl point: 5,2	
				Type alias: pint
				Decl point: 2,2	
					Pointer
					Decl point: 2,9	
						integer
	Table Symbol Function
		chr
			Chr
		exit
			Exit
				void
		high
			High
		low
			Low
		ord
			Ord
		prev
			Prev
		read
			Read
		readln
			Read
		round
			Round
		succ
			Succ
		trunc
			Trunc
		write
			Write
		writeln
			Write
Block
	Assigment
		:=
		^
			Type expression
				integer
			+
				Type expression
					Type alias: pint
					Decl point: 2,2	
						Pointer
						Decl point: 2,9	
							integer
				*
					Type expression
						integer
					8
					Type expression
						integer
					1
					Type expression
						integer
				b
				Type expression
					Type alias: pint
					Decl point: 2,2	
						Pointer
						Decl point: 2,9	
							integer
		10
		Type expression
			integer
