Decl
	Table Symbol Type
		integer
			integer
		double
			double
		char
			char
		pointer
			pointer
		boolean
			boolean
	Table Symbol Const
	Table Symbol Variable
		a
			Global variable: a
			Decl point: 2,4	
				integer
	Table Symbol Function
		writeln
			Write
		write
			Write
		readln
			Read
		read
			Read
		trunc
			Trunc
		round
			Round
		succ
			Succ
		prev
			Prev
		chr
			Chr
		ord
			Ord
		high
			High
		low
			Low
		exit
			Exit
				void
Block
	Function Call
		write
		Write
		Type expression
			void
		a
		Type expression
			integer
